Archive member included to satisfy reference by file (symbol)

libraries/comp/libcomp.a(3outof6.c.o)
                              CMakeFiles/my_lvgl.dir/my_lvgl.c.o (decode3outof6)
libraries/comp/libcomp.a(aes.c.o)
                              CMakeFiles/my_lvgl.dir/my_lvgl.c.o (AES_init_ctx_iv)
libraries/comp/libcomp.a(cc1101.c.o)
                              CMakeFiles/my_lvgl.dir/my_lvgl.c.o (start_SPI)
libraries/comp/libcomp.a(ili9488.c.o)
                              CMakeFiles/my_lvgl.dir/lvgl_init.c.o (ili9488_Send_Cmd)
libraries/comp/libcomp.a(interrupt.c.o)
                              CMakeFiles/my_lvgl.dir/my_lvgl.c.o (attachInterrupt)
libraries/comp/libcomp.a(mbus_packet.c.o)
                              CMakeFiles/my_lvgl.dir/my_lvgl.c.o (packetSize)
libraries/comp/libcomp.a(crc.c.o)
                              libraries/comp/libcomp.a(mbus_packet.c.o) (crcCalc)
lib/liblvgl.a(lv_obj.c.o)     CMakeFiles/my_lvgl.dir/my_lvgl.c.o (lv_obj_create)
lib/liblvgl.a(lv_obj_class.c.o)
                              lib/liblvgl.a(lv_obj.c.o) (lv_obj_class_create_obj)
lib/liblvgl.a(lv_obj_draw.c.o)
                              lib/liblvgl.a(lv_obj.c.o) (lv_obj_init_draw_rect_dsc)
lib/liblvgl.a(lv_obj_event.c.o)
                              lib/liblvgl.a(lv_obj.c.o) (lv_obj_send_event)
lib/liblvgl.a(lv_obj_pos.c.o)
                              CMakeFiles/my_lvgl.dir/ui/screens.c.o (lv_obj_set_pos)
lib/liblvgl.a(lv_obj_scroll.c.o)
                              lib/liblvgl.a(lv_obj.c.o) (lv_obj_get_scrollbar_mode)
lib/liblvgl.a(lv_obj_style.c.o)
                              lib/liblvgl.a(lv_obj.c.o) (lv_obj_enable_style_refresh)
lib/liblvgl.a(lv_obj_style_gen.c.o)
                              lib/liblvgl.a(lv_obj_pos.c.o) (lv_obj_set_style_width)
lib/liblvgl.a(lv_obj_tree.c.o)
                              lib/liblvgl.a(lv_obj_pos.c.o) (lv_obj_get_screen)
lib/liblvgl.a(lv_refr.c.o)    lib/liblvgl.a(lv_obj_pos.c.o) (lv_inv_area)
lib/liblvgl.a(lv_display.c.o)
                              CMakeFiles/my_lvgl.dir/lvgl_init.c.o (lv_display_create)
lib/liblvgl.a(lv_draw.c.o)    lib/liblvgl.a(lv_refr.c.o) (lv_draw_dispatch)
lib/liblvgl.a(lv_draw_buf.c.o)
                              lib/liblvgl.a(lv_refr.c.o) (lv_draw_buf_width_to_stride)
lib/liblvgl.a(lv_draw_image.c.o)
                              lib/liblvgl.a(lv_refr.c.o) (lv_draw_image_dsc_init)
lib/liblvgl.a(lv_draw_label.c.o)
                              lib/liblvgl.a(lv_draw.c.o) (lv_draw_task_get_label_dsc)
lib/liblvgl.a(lv_draw_mask.c.o)
                              lib/liblvgl.a(lv_refr.c.o) (lv_draw_mask_rect_dsc_init)
lib/liblvgl.a(lv_draw_rect.c.o)
                              lib/liblvgl.a(lv_obj.c.o) (lv_draw_rect_dsc_init)
lib/liblvgl.a(lv_image_decoder.c.o)
                              lib/liblvgl.a(lv_draw_image.c.o) (lv_image_decoder_get_info)
lib/liblvgl.a(lv_draw_sw.c.o)
                              CMakeFiles/my_lvgl.dir/lvgl_init.c.o (lv_draw_sw_rgb565_swap)
lib/liblvgl.a(lv_draw_sw_arc.c.o)
                              lib/liblvgl.a(lv_draw_sw.c.o) (lv_draw_sw_arc)
lib/liblvgl.a(lv_draw_sw_border.c.o)
                              lib/liblvgl.a(lv_draw_sw.c.o) (lv_draw_sw_border)
lib/liblvgl.a(lv_draw_sw_box_shadow.c.o)
                              lib/liblvgl.a(lv_draw_sw.c.o) (lv_draw_sw_box_shadow)
lib/liblvgl.a(lv_draw_sw_fill.c.o)
                              lib/liblvgl.a(lv_draw_sw.c.o) (lv_draw_sw_fill)
lib/liblvgl.a(lv_draw_sw_gradient.c.o)
                              lib/liblvgl.a(lv_draw_sw_fill.c.o) (lv_gradient_get)
lib/liblvgl.a(lv_draw_sw_img.c.o)
                              lib/liblvgl.a(lv_draw_sw.c.o) (lv_draw_sw_layer)
lib/liblvgl.a(lv_draw_sw_letter.c.o)
                              lib/liblvgl.a(lv_draw_sw.c.o) (lv_draw_sw_label)
lib/liblvgl.a(lv_draw_sw_line.c.o)
                              lib/liblvgl.a(lv_draw_sw.c.o) (lv_draw_sw_line)
lib/liblvgl.a(lv_draw_sw_mask.c.o)
                              lib/liblvgl.a(lv_draw_sw.c.o) (lv_draw_sw_mask_init)
lib/liblvgl.a(lv_draw_sw_mask_rect.c.o)
                              lib/liblvgl.a(lv_draw_sw.c.o) (lv_draw_sw_mask_rect)
lib/liblvgl.a(lv_draw_sw_transform.c.o)
                              lib/liblvgl.a(lv_draw_sw_img.c.o) (lv_draw_sw_transform)
lib/liblvgl.a(lv_draw_sw_triangle.c.o)
                              lib/liblvgl.a(lv_draw_sw.c.o) (lv_draw_sw_triangle)
lib/liblvgl.a(lv_font.c.o)    lib/liblvgl.a(lv_draw_label.c.o) (lv_font_get_glyph_bitmap)
lib/liblvgl.a(lv_font_montserrat_14.c.o)
                              CMakeFiles/my_lvgl.dir/ui/screens.c.o (lv_font_montserrat_14)
lib/liblvgl.a(lv_font_montserrat_20.c.o)
                              CMakeFiles/my_lvgl.dir/ui/screens.c.o (lv_font_montserrat_20)
lib/liblvgl.a(lv_indev.c.o)   lib/liblvgl.a(lv_obj_scroll.c.o) (lv_indev_get_next)
lib/liblvgl.a(lv_indev_scroll.c.o)
                              lib/liblvgl.a(lv_indev.c.o) (lv_indev_scroll_throw_handler)
[...]
Memory Configuration

Name             Origin             Length             Attributes
FLASH            0x10000000         0x00400000         xr
RAM              0x20000000         0x00080000         xrw
SCRATCH_X        0x20080000         0x00001000         xrw
SCRATCH_Y        0x20081000         0x00001000         xrw
*default*        0x00000000         0xffffffff

Linker script and memory map

LOAD /home/olivier/.pico-sdk/toolchain/14_2_Rel1/bin/../lib/gcc/arm-none-eabi/14.2.1/thumb/v8-m.main+fp/softfp/crti.o
LOAD /home/olivier/.pico-sdk/toolchain/14_2_Rel1/bin/../lib/gcc/arm-none-eabi/14.2.1/thumb/v8-m.main+fp/softfp/crtbegin.o
LOAD /home/olivier/.pico-sdk/toolchain/14_2_Rel1/bin/../lib/gcc/arm-none-eabi/14.2.1/../../../../arm-none-eabi/lib/thumb/v8-m.main+fp/softfp/crt0.o

.flash_begin    0x10000000        0x0
                0x10000000                        __flash_binary_start = .

.text           0x10000000    0x42f34
                0x10000000                        __logical_binary_start = .
 *(.vectors)
 .vectors       0x10000000      0x124 CMakeFiles/my_lvgl.dir/home/olivier/.pico-sdk/sdk/2.1.1/src/rp2_common/pico_crt0/crt0.S.o
                0x10000000                __vectors
                0x10000000                __VECTOR_TABLE
                0x10000110                isr_invalid
                0x10000110                __default_isrs_start
                0x10000112                isr_nmi
                0x10000114                isr_hardfault
                0x10000116                isr_svcall
                0x10000118                isr_pendsv
                0x1000011a                isr_systick
                0x1000011c                isr_irq30
                0x1000011c                __unhandled_user_irq
                0x1000011c                isr_irq49
                0x1000011c                isr_irq13
                0x1000011c                isr_irq43
                0x1000011c                isr_irq45
                0x1000011c                isr_irq27
                0x1000011c                isr_irq32
                0x1000011c                isr_irq31
                0x1000011c                isr_irq5
                0x1000011c                isr_irq11
                0x1000011c                isr_irq23
                0x1000011c                isr_irq48
                0x1000011c                isr_irq35
                0x1000011c                isr_irq18
                0x1000011c                isr_irq50
                0x1000011c                isr_irq40
                0x1000011c                isr_irq28
                0x1000011c                isr_irq19
                0x1000011c                isr_irq36
                0x1000011c                isr_irq41
                0x1000011c                isr_irq0
                0x1000011c                isr_irq6
                0x1000011c                isr_irq37
                0x1000011c                isr_irq42
                0x1000011c                isr_irq22
                0x1000011c                isr_irq17
                0x1000011c                isr_irq38
                0x1000011c                isr_irq14
                0x1000011c                isr_irq2
                0x1000011c                isr_irq10
                0x1000011c                isr_irq8
                0x1000011c                isr_irq24
                0x1000011c                isr_irq46
                0x1000011c                isr_irq1
                0x1000011c                isr_irq47
                0x1000011c                isr_irq51
                0x1000011c                isr_irq7
                0x1000011c                isr_irq21
                0x1000011c                isr_irq39
                0x1000011c                isr_irq20
                0x1000011c                isr_irq15
                0x1000011c                isr_irq25
                0x1000011c                isr_irq34
                0x1000011c                isr_irq4
                0x1000011c                isr_irq16
                0x1000011c                isr_irq44
                0x1000011c                isr_irq29
                0x1000011c                isr_irq26
                0x1000011c                __default_isrs_end
                0x1000011c                isr_irq33
                0x1000011c                isr_irq3
                0x1000011c                isr_irq12
                0x1000011c                isr_irq9
                0x10000122                unhandled_user_irq_num_in_r0
 *(.binary_info_header)
 .binary_info_header
                0x10000124       0x14 CMakeFiles/my_lvgl.dir/home/olivier/.pico-sdk/sdk/2.1.1/src/rp2_common/pico_crt0/crt0.S.o
                0x10000138                        __binary_info_header_end = .
 *(.embedded_block)
 .embedded_block
                0x10000138       0x14 CMakeFiles/my_lvgl.dir/home/olivier/.pico-sdk/sdk/2.1.1/src/rp2_common/pico_crt0/crt0.S.o
                0x1000014c                        __embedded_block_end = .
 *(.reset)
 .reset         0x1000014c       0xa0 CMakeFiles/my_lvgl.dir/home/olivier/.pico-sdk/sdk/2.1.1/src/rp2_common/pico_crt0/crt0.S.o
                0x1000014c                _entry_point
 *(.init)
 .init          0x100001ec        0x4 /home/olivier/.pico-sdk/toolchain/14_2_Rel1/bin/../lib/gcc/arm-none-eabi/14.2.1/thumb/v8-m.main+fp/softfp/crti.o
                0x100001ec                _init
 *libgcc.a:cmse_nonsecure_call.o()
 *(EXCLUDE_FILE(*libm.a: *libc.a:*lib_a-mem*.o *libgcc.a:) .text*)
 .text.register_tm_clones
                0x100001f0       0x28 /home/olivier/.pico-sdk/toolchain/14_2_Rel1/bin/../lib/gcc/arm-none-eabi/14.2.1/thumb/v8-m.main+fp/softfp/crtbegin.o
 .text.frame_dummy
                0x10000218       0x24 /home/olivier/.pico-sdk/toolchain/14_2_Rel1/bin/../lib/gcc/arm-none-eabi/14.2.1/thumb/v8-m.main+fp/softfp/crtbegin.o
 .text.rxPacketRecvdISR
                0x1000023c       0x18 CMakeFiles/my_lvgl.dir/my_lvgl.c.o
                0x1000023c                rxPacketRecvdISR
 .text.rxFifoISR
                0x10000254       0xa0 CMakeFiles/my_lvgl.dir/my_lvgl.c.o
                0x10000254                rxFifoISR
 .text.decodeDiehlWaterMeters.part.0
                0x100002f4       0xa4 CMakeFiles/my_lvgl.dir/my_lvgl.c.o
 .text.startup.main
                0x10000398      0x100 CMakeFiles/my_lvgl.dir/my_lvgl.c.o
                0x10000398                main
 .text.dma_handler
                0x10000498       0x2c CMakeFiles/my_lvgl.dir/lvgl_init.c.o
 .text.lcd_Flush_cb
                0x100004c4       0x74 CMakeFiles/my_lvgl.dir/lvgl_init.c.o
 .text.repeating_lvgl_timer_cb
                0x10000538        0xc CMakeFiles/my_lvgl.dir/lvgl_init.c.o
 .text.lvgl_init
                0x10000544       0xd0 CMakeFiles/my_lvgl.dir/lvgl_init.c.o
                0x10000544                lvgl_init
 .text.create_screen_main
                0x10000614      0x208 CMakeFiles/my_lvgl.dir/ui/screens.c.o
                0x10000614                create_screen_main
 .text.create_screens
                0x1000081c       0x68 CMakeFiles/my_lvgl.dir/ui/screens.c.o
                0x1000081c                create_screens
 .text.ui_init  0x10000884       0x28 CMakeFiles/my_lvgl.dir/ui/ui.c.o
                0x10000884                ui_init
 .text.gpio_default_irq_handler
                0x100008ac      0x1d4 CMakeFiles/my_lvgl.dir/home/olivier/.pico-sdk/sdk/2.1.1/src/rp2_common/hardware_gpio/gpio.c.o
 .text.gpio_set_function
                0x10000a80       0x3c CMakeFiles/my_lvgl.dir/home/olivier/.pico-sdk/sdk/2.1.1/src/rp2_common/hardware_gpio/gpio.c.o
                0x10000a80                gpio_set_function
 .text.gpio_set_irq_enabled
                0x10000abc       0x48 CMakeFiles/my_lvgl.dir/home/olivier/.pico-sdk/sdk/2.1.1/src/rp2_common/hardware_gpio/gpio.c.o
                0x10000abc                gpio_set_irq_enabled
 .text.gpio_set_irq_enabled_with_callback
                0x10000b04       0xa8 CMakeFiles/my_lvgl.dir/home/olivier/.pico-sdk/sdk/2.1.1/src/rp2_common/hardware_gpio/gpio.c.o
                0x10000b04                gpio_set_irq_enabled_with_callback
 .text.gpio_init
                0x10000bac       0x48 CMakeFiles/my_lvgl.dir/home/olivier/.pico-sdk/sdk/2.1.1/src/rp2_common/hardware_gpio/gpio.c.o
                0x10000bac                gpio_init
 .text.panic    0x10000bf4       0x30 CMakeFiles/my_lvgl.dir/home/olivier/.pico-sdk/sdk/2.1.1/src/rp2_common/pico_platform_panic/panic.c.o
                0x10000bf4                panic
 .text.hw_claim_or_assert
                0x10000c24       0x58 CMakeFiles/my_lvgl.dir/home/olivier/.pico-sdk/sdk/2.1.1/src/common/hardware_claim/claim.c.o
                0x10000c24                hw_claim_or_assert
 .text.hw_claim_unused_from_range
                0x10000c7c       0x80 CMakeFiles/my_lvgl.dir/home/olivier/.pico-sdk/sdk/2.1.1/src/common/hardware_claim/claim.c.o
                0x10000c7c                hw_claim_unused_from_range
 .text.next_striped_spin_lock_num
                0x10000cfc       0x18 CMakeFiles/my_lvgl.dir/home/olivier/.pico-sdk/sdk/2.1.1/src/rp2_common/hardware_sync/sync.c.o
                0x10000cfc                next_striped_spin_lock_num
 .text.spinlock_set_extexclall
                0x10000d14       0x10 CMakeFiles/my_lvgl.dir/home/olivier/.pico-sdk/sdk/2.1.1/src/rp2_common/hardware_sync_spin_lock/sync_spin_lock.c.o
 .text.spin_locks_reset
                0x10000d24       0x18 CMakeFiles/my_lvgl.dir/home/olivier/.pico-sdk/sdk/2.1.1/src/rp2_common/hardware_sync_spin_lock/sync_spin_lock.c.o
                0x10000d24                spin_locks_reset
 .text.runtime_init_per_core_irq_priorities
                0x10000d3c       0x40 CMakeFiles/my_lvgl.dir/home/olivier/.pico-sdk/sdk/2.1.1/src/rp2_common/hardware_irq/irq.c.o
                0x10000d3c                runtime_init_per_core_irq_priorities
 .text.irq_set_enabled
                0x10000d7c       0x2c CMakeFiles/my_lvgl.dir/home/olivier/.pico-sdk/sdk/2.1.1/src/rp2_common/hardware_irq/irq.c.o
                0x10000d7c                irq_set_enabled
 .text.irq_set_exclusive_handler
                0x10000da8       0x60 CMakeFiles/my_lvgl.dir/home/olivier/.pico-sdk/sdk/2.1.1/src/rp2_common/hardware_irq/irq.c.o
                0x10000da8                irq_set_exclusive_handler
 .text.irq_add_shared_handler
                0x10000e08      0x1e8 CMakeFiles/my_lvgl.dir/home/olivier/.pico-sdk/sdk/2.1.1/src/rp2_common/hardware_irq/irq.c.o
                0x10000e08                irq_add_shared_handler
 .text.irq_remove_handler
                0x10000ff0      0x1f4 CMakeFiles/my_lvgl.dir/home/olivier/.pico-sdk/sdk/2.1.1/src/rp2_common/hardware_irq/irq.c.o
                0x10000ff0                irq_remove_handler
 .text.irq_add_tail_to_free_list
                0x100011e4       0xbc CMakeFiles/my_lvgl.dir/home/olivier/.pico-sdk/sdk/2.1.1/src/rp2_common/hardware_irq/irq.c.o
                0x100011e4                irq_add_tail_to_free_list
 .text.lock_init
                0x100012a0        0xc CMakeFiles/my_lvgl.dir/home/olivier/.pico-sdk/sdk/2.1.1/src/common/pico_sync/lock_core.c.o
                0x100012a0                lock_init
 .text.runtime_init_mutex
                0x100012ac       0x4c CMakeFiles/my_lvgl.dir/home/olivier/.pico-sdk/sdk/2.1.1/src/common/pico_sync/mutex.c.o
                0x100012ac                runtime_init_mutex
 .text.sleep_until_callback
                0x100012f8       0x3c CMakeFiles/my_lvgl.dir/home/olivier/.pico-sdk/sdk/2.1.1/src/common/pico_time/time.c.o
 *fill*         0x10001334        0x4 
 .text.alarm_pool_irq_handler
                0x10001338      0x2f0 CMakeFiles/my_lvgl.dir/home/olivier/.pico-sdk/sdk/2.1.1/src/common/pico_time/time.c.o
 .text.runtime_init_default_alarm_pool
                0x10001628      0x100 CMakeFiles/my_lvgl.dir/home/olivier/.pico-sdk/sdk/2.1.1/src/common/pico_time/time.c.o
                0x10001628                runtime_init_default_alarm_pool
 .text.alarm_pool_get_default
                0x10001728        0x8 CMakeFiles/my_lvgl.dir/home/olivier/.pico-sdk/sdk/2.1.1/src/common/pico_time/time.c.o
                0x10001728                alarm_pool_get_default
 .text.alarm_pool_add_alarm_at_force_in_context
                0x10001730       0xc8 CMakeFiles/my_lvgl.dir/home/olivier/.pico-sdk/sdk/2.1.1/src/common/pico_time/time.c.o
                0x10001730                alarm_pool_add_alarm_at_force_in_context
 .text.alarm_pool_cancel_alarm
                0x100017f8       0x80 CMakeFiles/my_lvgl.dir/home/olivier/.pico-sdk/sdk/2.1.1/src/common/pico_time/time.c.o
                0x100017f8                alarm_pool_cancel_alarm
 .text.sleep_ms
                0x10001878       0xdc CMakeFiles/my_lvgl.dir/home/olivier/.pico-sdk/sdk/2.1.1/src/common/pico_time/time.c.o
                0x10001878                sleep_ms
 .text.best_effort_wfe_or_timeout
                0x10001954       0xd4 CMakeFiles/my_lvgl.dir/home/olivier/.pico-sdk/sdk/2.1.1/src/common/pico_time/time.c.o
                0x10001954                best_effort_wfe_or_timeout
 .text.alarm_pool_add_repeating_timer_us
                0x10001a28      0x120 CMakeFiles/my_lvgl.dir/home/olivier/.pico-sdk/sdk/2.1.1/src/common/pico_time/time.c.o
                0x10001a28                alarm_pool_add_repeating_timer_us
 .text.timer_hardware_alarm_claim
                0x10001b48       0x24 CMakeFiles/my_lvgl.dir/home/olivier/.pico-sdk/sdk/2.1.1/src/rp2_common/hardware_timer/timer.c.o
                0x10001b48                timer_hardware_alarm_claim
 .text.timer_time_us_64
                0x10001b6c       0x10 CMakeFiles/my_lvgl.dir/home/olivier/.pico-sdk/sdk/2.1.1/src/rp2_common/hardware_timer/timer.c.o
                0x10001b6c                timer_time_us_64
 .text.time_us_64
                0x10001b7c       0x14 CMakeFiles/my_lvgl.dir/home/olivier/.pico-sdk/sdk/2.1.1/src/rp2_common/hardware_timer/timer.c.o
                0x10001b7c                time_us_64
 .text.busy_wait_until
                0x10001b90       0x24 CMakeFiles/my_lvgl.dir/home/olivier/.pico-sdk/sdk/2.1.1/src/rp2_common/hardware_timer/timer.c.o
                0x10001b90                busy_wait_until
 .text.clock_configure_undivided
                0x10001bb4       0xd0 CMakeFiles/my_lvgl.dir/home/olivier/.pico-sdk/sdk/2.1.1/src/rp2_common/hardware_clocks/clocks.c.o
                0x10001bb4                clock_configure_undivided
 .text.clock_get_hz
                0x10001c84        0xc CMakeFiles/my_lvgl.dir/home/olivier/.pico-sdk/sdk/2.1.1/src/rp2_common/hardware_clocks/clocks.c.o
                0x10001c84                clock_get_hz
 .text.pll_init
                0x10001c90       0x8c CMakeFiles/my_lvgl.dir/home/olivier/.pico-sdk/sdk/2.1.1/src/rp2_common/hardware_pll/pll.c.o
                0x10001c90                pll_init
 .text.tick_start
                0x10001d1c       0x18 CMakeFiles/my_lvgl.dir/home/olivier/.pico-sdk/sdk/2.1.1/src/rp2_common/hardware_ticks/ticks.c.o
                0x10001d1c                tick_start
 .text.rom_func_lookup
                0x10001d34       0x18 CMakeFiles/my_lvgl.dir/home/olivier/.pico-sdk/sdk/2.1.1/src/rp2_common/pico_bootrom/bootrom.c.o
                0x10001d34                rom_func_lookup
 .text.runtime_init_bootrom_locking_enable
                0x10001d4c       0x14 CMakeFiles/my_lvgl.dir/home/olivier/.pico-sdk/sdk/2.1.1/src/rp2_common/pico_bootrom/bootrom_lock.c.o
                0x10001d4c                runtime_init_bootrom_locking_enable
 .text.runtime_init_boot_locks_reset
                0x10001d60       0x1c CMakeFiles/my_lvgl.dir/home/olivier/.pico-sdk/sdk/2.1.1/src/rp2_common/hardware_boot_lock/boot_lock.c.o
                0x10001d60                runtime_init_boot_locks_reset
 .text.xosc_init
                0x10001d7c       0x30 CMakeFiles/my_lvgl.dir/home/olivier/.pico-sdk/sdk/2.1.1/src/rp2_common/hardware_xosc/xosc.c.o
                0x10001d7c                xosc_init
 .text.first_per_core_initializer
                0x10001dac        0x4 CMakeFiles/my_lvgl.dir/home/olivier/.pico-sdk/sdk/2.1.1/src/rp2_common/pico_runtime/runtime.c.o
 .text.hard_assertion_failure
                0x10001db0        0xc CMakeFiles/my_lvgl.dir/home/olivier/.pico-sdk/sdk/2.1.1/src/rp2_common/pico_runtime/runtime.c.o
                0x10001db0                hard_assertion_failure
 .text.runtime_run_initializers
                0x10001dbc       0x20 CMakeFiles/my_lvgl.dir/home/olivier/.pico-sdk/sdk/2.1.1/src/rp2_common/pico_runtime/runtime.c.o
                0x10001dbc                runtime_run_initializers
 .text.runtime_init_early_resets
                0x10001ddc       0x34 CMakeFiles/my_lvgl.dir/home/olivier/.pico-sdk/sdk/2.1.1/src/rp2_common/pico_runtime_init/runtime_init.c.o
                0x10001ddc                runtime_init_early_resets
 .text.runtime_init_usb_power_down
                0x10001e10       0x1c CMakeFiles/my_lvgl.dir/home/olivier/.pico-sdk/sdk/2.1.1/src/rp2_common/pico_runtime_init/runtime_init.c.o
                0x10001e10                runtime_init_usb_power_down
 .text.runtime_init_per_core_enable_coprocessors
                0x10001e2c       0x1c CMakeFiles/my_lvgl.dir/home/olivier/.pico-sdk/sdk/2.1.1/src/rp2_common/pico_runtime_init/runtime_init.c.o
                0x10001e2c                runtime_init_per_core_enable_coprocessors
 .text.runtime_init_post_clock_resets
                0x10001e48       0x20 CMakeFiles/my_lvgl.dir/home/olivier/.pico-sdk/sdk/2.1.1/src/rp2_common/pico_runtime_init/runtime_init.c.o
                0x10001e48                runtime_init_post_clock_resets
 .text.runtime_init_bootrom_reset
                0x10001e68       0x14 CMakeFiles/my_lvgl.dir/home/olivier/.pico-sdk/sdk/2.1.1/src/rp2_common/pico_runtime_init/runtime_init.c.o
                0x10001e68                runtime_init_bootrom_reset
 .text.runtime_init_per_core_bootrom_reset
                0x10001e7c       0x14 CMakeFiles/my_lvgl.dir/home/olivier/.pico-sdk/sdk/2.1.1/src/rp2_common/pico_runtime_init/runtime_init.c.o
                0x10001e7c                runtime_init_per_core_bootrom_reset
 .text.runtime_init_spin_locks_reset
                0x10001e90        0x4 CMakeFiles/my_lvgl.dir/home/olivier/.pico-sdk/sdk/2.1.1/src/rp2_common/pico_runtime_init/runtime_init.c.o
                0x10001e90                runtime_init_spin_locks_reset
 .text.runtime_init_install_ram_vector_table
                0x10001e94       0x20 CMakeFiles/my_lvgl.dir/home/olivier/.pico-sdk/sdk/2.1.1/src/rp2_common/pico_runtime_init/runtime_init.c.o
                0x10001e94                runtime_init_install_ram_vector_table
 .text.runtime_init_clocks
                0x10001eb4       0xdc CMakeFiles/my_lvgl.dir/home/olivier/.pico-sdk/sdk/2.1.1/src/rp2_common/pico_runtime_init/runtime_init_clocks.c.o
                0x10001eb4                runtime_init_clocks
 .text.__rp2350_dcp_engaged_state_save_restore
                0x10001f90       0x3a CMakeFiles/my_lvgl.dir/home/olivier/.pico-sdk/sdk/2.1.1/src/rp2_common/pico_double/double_aeabi_dcp.S.o
 *fill*         0x10001fca        0x2 
 .text.__wrap___aeabi_dadd
                0x10001fcc       0x28 CMakeFiles/my_lvgl.dir/home/olivier/.pico-sdk/sdk/2.1.1/src/rp2_common/pico_double/double_aeabi_dcp.S.o
                0x10001fd4                __wrap___aeabi_dadd
 .text.__wrap___aeabi_dsub
                0x10001ff4       0x28 CMakeFiles/my_lvgl.dir/home/olivier/.pico-sdk/sdk/2.1.1/src/rp2_common/pico_double/double_aeabi_dcp.S.o
                0x10001ffc                __wrap___aeabi_dsub
 .text.__wrap___aeabi_dmul
                0x1000201c       0x4c CMakeFiles/my_lvgl.dir/home/olivier/.pico-sdk/sdk/2.1.1/src/rp2_common/pico_double/double_aeabi_dcp.S.o
                0x10002024                __wrap___aeabi_dmul
 .text.__wrap___aeabi_ddiv
                0x10002068       0x9c CMakeFiles/my_lvgl.dir/home/olivier/.pico-sdk/sdk/2.1.1/src/rp2_common/pico_double/double_aeabi_dcp.S.o
                0x10002070                __wrap___aeabi_ddiv
 .text.__wrap___aeabi_i2d
                0x10002104       0x24 CMakeFiles/my_lvgl.dir/home/olivier/.pico-sdk/sdk/2.1.1/src/rp2_common/pico_double/double_aeabi_dcp.S.o
                0x1000210c                __wrap___aeabi_i2d
                0x1000210c                int2double
 .text.__wrap___aeabi_ui2d
                0x10002128       0x24 CMakeFiles/my_lvgl.dir/home/olivier/.pico-sdk/sdk/2.1.1/src/rp2_common/pico_double/double_aeabi_dcp.S.o
                0x10002130                __wrap___aeabi_ui2d
                0x10002130                uint2double
 .text.__wrap___aeabi_d2iz
                0x1000214c       0x24 CMakeFiles/my_lvgl.dir/home/olivier/.pico-sdk/sdk/2.1.1/src/rp2_common/pico_double/double_aeabi_dcp.S.o
                0x10002154                __wrap___aeabi_d2iz
                0x10002154                double2int_z
 .text.__wrap___aeabi_d2uiz
                0x10002170       0x24 CMakeFiles/my_lvgl.dir/home/olivier/.pico-sdk/sdk/2.1.1/src/rp2_common/pico_double/double_aeabi_dcp.S.o
                0x10002178                double2uint_z
                0x10002178                double2uint
                0x10002178                __wrap___aeabi_d2uiz
 .text.__wrap___aeabi_dcmpun
                0x10002194       0x24 CMakeFiles/my_lvgl.dir/home/olivier/.pico-sdk/sdk/2.1.1/src/rp2_common/pico_double/double_aeabi_dcp.S.o
                0x1000219c                __wrap___aeabi_dcmpun
 .text.__wrap___aeabi_dcmplt
                0x100021b8       0x28 CMakeFiles/my_lvgl.dir/home/olivier/.pico-sdk/sdk/2.1.1/src/rp2_common/pico_double/double_aeabi_dcp.S.o
                0x100021c0                __wrap___aeabi_dcmplt
 .text.__wrap___aeabi_dcmple
                0x100021e0       0x28 CMakeFiles/my_lvgl.dir/home/olivier/.pico-sdk/sdk/2.1.1/src/rp2_common/pico_double/double_aeabi_dcp.S.o
                0x100021e8                __wrap___aeabi_dcmple
 .text.__wrap___aeabi_dcmpge
                0x10002208       0x28 CMakeFiles/my_lvgl.dir/home/olivier/.pico-sdk/sdk/2.1.1/src/rp2_common/pico_double/double_aeabi_dcp.S.o
                0x10002210                __wrap___aeabi_dcmpge
 .text.__wrap___aeabi_dcmpgt
                0x10002230       0x28 CMakeFiles/my_lvgl.dir/home/olivier/.pico-sdk/sdk/2.1.1/src/rp2_common/pico_double/double_aeabi_dcp.S.o
                0x10002238                __wrap___aeabi_dcmpgt
 .text._out_buffer
                0x10002258        0x8 CMakeFiles/my_lvgl.dir/home/olivier/.pico-sdk/sdk/2.1.1/src/rp2_common/pico_printf/printf.c.o
 .text._out_null
                0x10002260        0x4 CMakeFiles/my_lvgl.dir/home/olivier/.pico-sdk/sdk/2.1.1/src/rp2_common/pico_printf/printf.c.o
 .text._out_rev
                0x10002264       0x9c CMakeFiles/my_lvgl.dir/home/olivier/.pico-sdk/sdk/2.1.1/src/rp2_common/pico_printf/printf.c.o
 .text._ntoa_format
                0x10002300      0x1d4 CMakeFiles/my_lvgl.dir/home/olivier/.pico-sdk/sdk/2.1.1/src/rp2_common/pico_printf/printf.c.o
 .text._out_char
                0x100024d4        0x8 CMakeFiles/my_lvgl.dir/home/olivier/.pico-sdk/sdk/2.1.1/src/rp2_common/pico_printf/printf.c.o
 *fill*         0x100024dc        0x4 
 .text._ftoa    0x100024e0      0x4bc CMakeFiles/my_lvgl.dir/home/olivier/.pico-sdk/sdk/2.1.1/src/rp2_common/pico_printf/printf.c.o
 *fill*         0x1000299c        0x4 
 .text._etoa    0x100029a0      0x574 CMakeFiles/my_lvgl.dir/home/olivier/.pico-sdk/sdk/2.1.1/src/rp2_common/pico_printf/printf.c.o
 .text._vsnprintf
                0x10002f14      0x9e4 CMakeFiles/my_lvgl.dir/home/olivier/.pico-sdk/sdk/2.1.1/src/rp2_common/pico_printf/printf.c.o
 .text.__wrap_vsnprintf
                0x100038f8       0x24 CMakeFiles/my_lvgl.dir/home/olivier/.pico-sdk/sdk/2.1.1/src/rp2_common/pico_printf/printf.c.o
                0x100038f8                __wrap_vsnprintf
 .text.weak_raw_vprintf
                0x1000391c       0x30 CMakeFiles/my_lvgl.dir/home/olivier/.pico-sdk/sdk/2.1.1/src/rp2_common/pico_printf/printf.c.o
                0x1000391c                weak_raw_vprintf
 .text._exit    0x1000394c        0x4 CMakeFiles/my_lvgl.dir/home/olivier/.pico-sdk/sdk/2.1.1/src/rp2_common/pico_clib_interface/newlib_interface.c.o
                0x1000394c                _exit
 .text.exit     0x10003950        0x8 CMakeFiles/my_lvgl.dir/home/olivier/.pico-sdk/sdk/2.1.1/src/rp2_common/pico_clib_interface/newlib_interface.c.o
                0x10003950                exit
 .text.runtime_init
                0x10003958       0x24 CMakeFiles/my_lvgl.dir/home/olivier/.pico-sdk/sdk/2.1.1/src/rp2_common/pico_clib_interface/newlib_interface.c.o
                0x10003958                runtime_init
 .text.stdio_out_chars_no_crlf
                0x1000397c        0x8 CMakeFiles/my_lvgl.dir/home/olivier/.pico-sdk/sdk/2.1.1/src/rp2_common/pico_stdio/stdio.c.o
 .text.stdio_out_chars_crlf
                0x10003984       0xb0 CMakeFiles/my_lvgl.dir/home/olivier/.pico-sdk/sdk/2.1.1/src/rp2_common/pico_stdio/stdio.c.o
 .text.stdio_put_string
                0x10003a34       0xec CMakeFiles/my_lvgl.dir/home/olivier/.pico-sdk/sdk/2.1.1/src/rp2_common/pico_stdio/stdio.c.o
                0x10003a34                stdio_put_string
 .text.stdio_init_all
                0x10003b20        0x4 CMakeFiles/my_lvgl.dir/home/olivier/.pico-sdk/sdk/2.1.1/src/rp2_common/pico_stdio/stdio.c.o
                0x10003b20                stdio_init_all
 .text.__wrap_putchar
                0x10003b24       0x84 CMakeFiles/my_lvgl.dir/home/olivier/.pico-sdk/sdk/2.1.1/src/rp2_common/pico_stdio/stdio.c.o
                0x10003b24                stdio_putchar
                0x10003b24                __wrap_putchar
 .text.__wrap_puts
                0x10003ba8       0x3c CMakeFiles/my_lvgl.dir/home/olivier/.pico-sdk/sdk/2.1.1/src/rp2_common/pico_stdio/stdio.c.o
                0x10003ba8                __wrap_puts
                0x10003ba8                stdio_puts
 .text.spi_init
                0x10003be4       0xf4 CMakeFiles/my_lvgl.dir/home/olivier/.pico-sdk/sdk/2.1.1/src/rp2_common/hardware_spi/spi.c.o
                0x10003be4                spi_init
 .text.spi_set_baudrate
                0x10003cd8       0x98 CMakeFiles/my_lvgl.dir/home/olivier/.pico-sdk/sdk/2.1.1/src/rp2_common/hardware_spi/spi.c.o
                0x10003cd8                spi_set_baudrate
 .text.dma_claim_unused_channel
                0x10003d70       0x20 CMakeFiles/my_lvgl.dir/home/olivier/.pico-sdk/sdk/2.1.1/src/rp2_common/hardware_dma/dma.c.o
                0x10003d70                dma_claim_unused_channel
 .text.decode3outof6
                0x10003d90       0x80 libraries/comp/libcomp.a(3outof6.c.o)
                0x10003d90                decode3outof6
 .text.KeyExpansion
                0x10003e10       0xc8 libraries/comp/libcomp.a(aes.c.o)
 .text.AES_init_ctx_iv
                0x10003ed8       0x24 libraries/comp/libcomp.a(aes.c.o)
                0x10003ed8                AES_init_ctx_iv
 .text.AES_CBC_decrypt_buffer
                0x10003efc      0x62c libraries/comp/libcomp.a(aes.c.o)
                0x10003efc                AES_CBC_decrypt_buffer
 .text.start_SPI
                0x10004528       0xbc libraries/comp/libcomp.a(cc1101.c.o)
                0x10004528                start_SPI
 .text.cc1101_writeReg
                0x100045e4       0x6c libraries/comp/libcomp.a(cc1101.c.o)
                0x100045e4                cc1101_writeReg
 .text.cc1101_cmdStrobe
                0x10004650       0x5c libraries/comp/libcomp.a(cc1101.c.o)
                0x10004650                cc1101_cmdStrobe
 .text.cc1101_readReg
                0x100046ac       0x74 libraries/comp/libcomp.a(cc1101.c.o)
                0x100046ac                cc1101_readReg
 .text.cc1101_readBurstReg
                0x10004720       0x70 libraries/comp/libcomp.a(cc1101.c.o)
                0x10004720                cc1101_readBurstReg
 .text.cc1101_initRegisters
                0x10004790     0x10b4 libraries/comp/libcomp.a(cc1101.c.o)
                0x10004790                cc1101_initRegisters
 .text.ili9488_SendInitStr
                0x10005844       0xa0 libraries/comp/libcomp.a(ili9488.c.o)
                0x10005844                ili9488_SendInitStr
 .text.ili9488_Send_Cmd
                0x100058e4       0x4c libraries/comp/libcomp.a(ili9488.c.o)
                0x100058e4                ili9488_Send_Cmd
 .text.ili9488_SendData
                0x10005930       0x6c libraries/comp/libcomp.a(ili9488.c.o)
                0x10005930                ili9488_SendData
 .text.ili9488_setRotate
                0x1000599c       0xb0 libraries/comp/libcomp.a(ili9488.c.o)
                0x1000599c                ili9488_setRotate
 .text.ili9488_Init
                0x10005a4c      0x168 libraries/comp/libcomp.a(ili9488.c.o)
                0x10005a4c                ili9488_Init
 .text.ili9488_SetWindow
                0x10005bb4       0x70 libraries/comp/libcomp.a(ili9488.c.o)
                0x10005bb4                ili9488_SetWindow
 .text._gpioInterruptDispatcher
                0x10005c24       0x68 libraries/comp/libcomp.a(interrupt.c.o)
                0x10005c24                _gpioInterruptDispatcher
 .text.attachInterrupt
                0x10005c8c      0x10c libraries/comp/libcomp.a(interrupt.c.o)
                0x10005c8c                attachInterrupt
 .text.detachInterrupt
                0x10005d98       0xa8 libraries/comp/libcomp.a(interrupt.c.o)
                0x10005d98                detachInterrupt
 .text.packetSize
                0x10005e40       0x20 libraries/comp/libcomp.a(mbus_packet.c.o)
                0x10005e40                packetSize
 .text.byteSize
                0x10005e60       0x10 libraries/comp/libcomp.a(mbus_packet.c.o)
                0x10005e60                byteSize
 .text.decodeRXBytesTmode
                0x10005e70       0xfc libraries/comp/libcomp.a(mbus_packet.c.o)
                0x10005e70                decodeRXBytesTmode
 .text.crcCalc  0x10005f6c       0xfc libraries/comp/libcomp.a(crc.c.o)
                0x10005f6c                crcCalc
 .text          0x10006068     0x1014 lib/liblvgl.a(lv_obj.c.o)
                0x10006e84                lv_obj_create
                0x10006ea0                lv_obj_add_flag
                0x10006eb0                lv_obj_remove_flag
                0x10006ebc                lv_obj_update_flag
                0x10006ee0                lv_obj_add_state
                0x10006f18                lv_obj_remove_state
                0x10006f2c                lv_obj_set_state
                0x10006f78                lv_obj_has_flag
                0x10006f84                lv_obj_has_flag_any
                0x10006f90                lv_obj_get_state
                0x10006f94                lv_obj_has_state
                0x10006fa0                lv_obj_get_group
                0x10006fa8                lv_obj_allocate_spec_attr
                0x10006fcc                lv_obj_check_type
                0x10006fdc                lv_obj_has_class
                0x10006ff0                lv_obj_get_class
                0x10006ff4                lv_obj_is_valid
                0x10007064                lv_obj_null_on_delete
                0x10007074                lv_obj_set_user_data
                0x10007078                lv_obj_get_user_data
 .text          0x1000707c      0x26c lib/liblvgl.a(lv_obj_class.c.o)
                0x100070f4                lv_obj_class_create_obj
                0x100071bc                lv_obj_class_init_obj
                0x1000727c                lv_obj_destruct
                0x100072a0                lv_obj_is_editable
                0x100072c4                lv_obj_is_group_def
 .text          0x100072e8      0x828 lib/liblvgl.a(lv_obj_draw.c.o)
                0x100072e8                lv_obj_init_draw_rect_dsc
                0x100076bc                lv_obj_init_draw_label_dsc
                0x1000779c                lv_obj_init_draw_image_dsc
                0x10007860                lv_obj_init_draw_line_dsc
                0x10007938                lv_obj_init_draw_arc_dsc
                0x100079e0                lv_obj_calculate_ext_draw_size
                0x10007ab8                lv_obj_refresh_ext_draw_size
                0x10007af8                lv_obj_get_ext_draw_size
                0x10007b00                lv_obj_get_layer_type
 .text          0x10007b10      0x3f4 lib/liblvgl.a(lv_obj_event.c.o)
                0x10007bc8                lv_obj_send_event
                0x10007cc4                lv_obj_event_base
                0x10007cf8                lv_obj_add_event_cb
                0x10007d1c                lv_obj_get_event_count
                0x10007d2c                lv_obj_get_event_dsc
                0x10007d3c                lv_obj_remove_event
                0x10007d4c                lv_obj_remove_event_cb
                0x10007d98                lv_obj_remove_event_dsc
                0x10007dac                lv_obj_remove_event_cb_with_user_data
                0x10007e04                lv_event_get_current_target_obj
                0x10007e08                lv_event_get_target_obj
                0x10007e0c                lv_event_get_indev
                0x10007e28                lv_event_get_layer
                0x10007e38                lv_event_get_old_size
                0x10007e48                lv_event_get_key
                0x10007e60                lv_event_get_rotary_diff
                0x10007e78                lv_event_get_scroll_anim
                0x10007e88                lv_event_set_ext_draw_size
                0x10007ea4                lv_event_get_self_size_info
                0x10007eb4                lv_event_get_hit_test_info
                0x10007ec4                lv_event_get_cover_area
                0x10007ed8                lv_event_set_cover_res
                0x10007ef4                lv_event_get_draw_task
 *fill*         0x10007f04        0x4 
 .text          0x10007f08     0x261c lib/liblvgl.a(lv_obj_pos.c.o)
                0x1000812c                lv_obj_set_pos
                0x10008184                lv_obj_set_x
                0x100081b4                lv_obj_set_y
                0x100081e4                lv_obj_set_size
                0x1000823c                lv_obj_set_width
                0x1000826c                lv_obj_set_height
                0x1000829c                lv_obj_set_content_width
                0x1000833c                lv_obj_set_content_height
                0x100083dc                lv_obj_set_layout
                0x10008418                lv_obj_is_layout_positioned
                0x10008450                lv_obj_mark_layout_as_dirty
                0x10008480                lv_obj_set_align
                0x10008488                lv_obj_align
                0x100084e8                lv_obj_get_coords
                0x10008500                lv_obj_get_x
                0x10008554                lv_obj_get_x2
                0x100085b0                lv_obj_get_y
                0x10008604                lv_obj_get_y2
                0x10008660                lv_obj_get_x_aligned
                0x10008674                lv_obj_get_y_aligned
                0x10008688                lv_obj_get_width
                0x10008690                lv_obj_get_height
                0x10008698                lv_obj_get_content_width
                0x10008710                lv_obj_get_content_height
                0x10008788                lv_obj_get_content_coords
                0x1000887c                lv_obj_get_self_width
                0x100088a0                lv_obj_get_self_height
                0x100088c8                lv_obj_refresh_self_size
                0x10008928                lv_obj_move_children_by
                0x10008be8                lv_obj_transform_point_array
                0x10008ca0                lv_obj_transform_point
                0x10008ca8                lv_obj_get_transformed_area
                0x10008d40                lv_obj_area_is_visible
                0x10008e38                lv_obj_invalidate_area
                0x10008e98                lv_obj_invalidate
                0x10008f10                lv_obj_move_to
                0x100090bc                lv_obj_refr_pos
                0x10009310                lv_obj_refr_size
                0x10009c70                lv_obj_align_to
                0x1000a1f8                lv_obj_update_layout
                0x1000a2b4                lv_obj_is_visible
                0x1000a2e4                lv_obj_set_ext_click_area
                0x1000a2f4                lv_obj_get_click_area
                0x1000a31c                lv_obj_hit_test
                0x1000a390                lv_clamp_width
                0x1000a42c                lv_clamp_height
                0x1000a4c8                lv_obj_center
 *fill*         0x1000a524        0x4 
 .text          0x1000a528     0x1c20 lib/liblvgl.a(lv_obj_scroll.c.o)
                0x1000a7a4                lv_obj_set_scrollbar_mode
                0x1000a7d0                lv_obj_set_scroll_dir
                0x1000a7f0                lv_obj_set_scroll_snap_x
                0x1000a80c                lv_obj_set_scroll_snap_y
                0x1000a828                lv_obj_get_scrollbar_mode
                0x1000a83c                lv_obj_get_scroll_dir
                0x1000a84c                lv_obj_get_scroll_snap_x
                0x1000a85c                lv_obj_get_scroll_snap_y
                0x1000a86c                lv_obj_get_scroll_x
                0x1000a878                lv_obj_get_scroll_y
                0x1000a884                lv_obj_get_scroll_top
                0x1000a890                lv_obj_get_scroll_bottom
                0x1000b134                lv_obj_get_scroll_left
                0x1000b164                lv_obj_get_scroll_right
                0x1000b190                lv_obj_get_scroll_end
                0x1000b1e4                lv_obj_scroll_by
                0x1000b35c                lv_obj_scroll_by_bounded
                0x1000b8a4                lv_obj_scroll_to
                0x1000baac                lv_obj_scroll_to_x
                0x1000bc58                lv_obj_scroll_to_y
                0x1000be40                lv_obj_scroll_to_view
                0x1000be70                lv_obj_scroll_to_view_recursive
                0x1000beb0                lv_obj_scroll_by_raw
                0x1000befc                lv_obj_is_scrolling
                0x1000bf28                lv_obj_update_snap
                0x1000bf88                lv_obj_get_scrollbar_area
                0x1000bfd0                lv_obj_scrollbar_invalidate
                0x1000c04c                lv_obj_readjust_scroll
 .text          0x1000c148     0x2488 lib/liblvgl.a(lv_obj_style.c.o)
                0x1000c7c4                lv_obj_style_init
                0x1000c7d0                lv_obj_style_deinit
                0x1000c7f0                lv_obj_enable_style_refresh
                0x1000c7fc                lv_obj_get_style_prop
                0x1000c828                lv_obj_has_style_prop
                0x1000c840                lv_obj_get_local_style_prop
                0x1000c884                lv_obj_style_apply_color_filter
                0x1000c980                lv_obj_style_state_compare
                0x1000cbd4                lv_obj_fade_in
                0x1000cc28                lv_obj_fade_out
                0x1000ccbc                lv_obj_calculate_style_text_align
                0x1000cd90                lv_obj_get_style_opa_recursive
                0x1000ced4                lv_obj_update_layer_type
                0x1000d458                lv_obj_refresh_style
                0x1000d468                lv_obj_replace_style
                0x1000d5f0                lv_obj_remove_style
                0x1000d854                lv_obj_add_style
                0x1000d9a4                lv_obj_set_local_style_prop
                0x1000dae4                lv_obj_remove_local_style_prop
                0x1000db58                lv_obj_style_create_transition
                0x1000e46c                lv_obj_report_style_change
                0x1000e520                lv_obj_remove_style_all
 .text          0x1000e5d0      0x7f8 lib/liblvgl.a(lv_obj_style_gen.c.o)
                0x1000e5d0                lv_obj_set_style_width
                0x1000e5e0                lv_obj_set_style_min_width
                0x1000e5f0                lv_obj_set_style_max_width
                0x1000e600                lv_obj_set_style_height
                0x1000e610                lv_obj_set_style_min_height
                0x1000e620                lv_obj_set_style_max_height
                0x1000e630                lv_obj_set_style_length
                0x1000e640                lv_obj_set_style_x
                0x1000e650                lv_obj_set_style_y
                0x1000e660                lv_obj_set_style_align
                0x1000e670                lv_obj_set_style_transform_width
                0x1000e680                lv_obj_set_style_transform_height
                0x1000e690                lv_obj_set_style_translate_x
                0x1000e6a0                lv_obj_set_style_translate_y
                0x1000e6b0                lv_obj_set_style_transform_scale_x
                0x1000e6c0                lv_obj_set_style_transform_scale_y
                0x1000e6d0                lv_obj_set_style_transform_rotation
                0x1000e6e0                lv_obj_set_style_transform_pivot_x
                0x1000e6f0                lv_obj_set_style_transform_pivot_y
                0x1000e700                lv_obj_set_style_transform_skew_x
                0x1000e710                lv_obj_set_style_transform_skew_y
                0x1000e720                lv_obj_set_style_pad_top
                0x1000e730                lv_obj_set_style_pad_bottom
                0x1000e740                lv_obj_set_style_pad_left
                0x1000e750                lv_obj_set_style_pad_right
                0x1000e760                lv_obj_set_style_pad_row
                0x1000e770                lv_obj_set_style_pad_column
                0x1000e780                lv_obj_set_style_margin_top
                0x1000e790                lv_obj_set_style_margin_bottom
                0x1000e7a0                lv_obj_set_style_margin_left
                0x1000e7b0                lv_obj_set_style_margin_right
                0x1000e7c0                lv_obj_set_style_bg_color
                0x1000e7ec                lv_obj_set_style_bg_opa
                0x1000e7fc                lv_obj_set_style_bg_grad_color
                0x1000e828                lv_obj_set_style_bg_grad_dir
                0x1000e838                lv_obj_set_style_bg_main_stop
                0x1000e848                lv_obj_set_style_bg_grad_stop
                0x1000e858                lv_obj_set_style_bg_main_opa
                0x1000e868                lv_obj_set_style_bg_grad_opa
                0x1000e878                lv_obj_set_style_bg_grad
                0x1000e888                lv_obj_set_style_bg_image_src
                0x1000e898                lv_obj_set_style_bg_image_opa
                0x1000e8a8                lv_obj_set_style_bg_image_recolor
                0x1000e8d4                lv_obj_set_style_bg_image_recolor_opa
                0x1000e8e4                lv_obj_set_style_bg_image_tiled
                0x1000e8f4                lv_obj_set_style_border_color
                0x1000e920                lv_obj_set_style_border_opa
                0x1000e930                lv_obj_set_style_border_width
                0x1000e940                lv_obj_set_style_border_side
                0x1000e950                lv_obj_set_style_border_post
                0x1000e960                lv_obj_set_style_outline_width
                0x1000e970                lv_obj_set_style_outline_color
                0x1000e99c                lv_obj_set_style_outline_opa
                0x1000e9ac                lv_obj_set_style_outline_pad
                0x1000e9bc                lv_obj_set_style_shadow_width
                0x1000e9cc                lv_obj_set_style_shadow_offset_x
                0x1000e9dc                lv_obj_set_style_shadow_offset_y
                0x1000e9ec                lv_obj_set_style_shadow_spread
                0x1000e9fc                lv_obj_set_style_shadow_color
                0x1000ea28                lv_obj_set_style_shadow_opa
                0x1000ea38                lv_obj_set_style_image_opa
                0x1000ea48                lv_obj_set_style_image_recolor
                0x1000ea74                lv_obj_set_style_image_recolor_opa
                0x1000ea84                lv_obj_set_style_line_width
                0x1000ea94                lv_obj_set_style_line_dash_width
                0x1000eaa4                lv_obj_set_style_line_dash_gap
                0x1000eab4                lv_obj_set_style_line_rounded
                0x1000eac4                lv_obj_set_style_line_color
                0x1000eaf0                lv_obj_set_style_line_opa
                0x1000eb00                lv_obj_set_style_arc_width
                0x1000eb10                lv_obj_set_style_arc_rounded
                0x1000eb20                lv_obj_set_style_arc_color
                0x1000eb4c                lv_obj_set_style_arc_opa
                0x1000eb5c                lv_obj_set_style_arc_image_src
                0x1000eb6c                lv_obj_set_style_text_color
                0x1000eb98                lv_obj_set_style_text_opa
                0x1000eba8                lv_obj_set_style_text_font
                0x1000ebb8                lv_obj_set_style_text_letter_space
                0x1000ebc8                lv_obj_set_style_text_line_space
                0x1000ebd8                lv_obj_set_style_text_decor
                0x1000ebe8                lv_obj_set_style_text_align
                0x1000ebf8                lv_obj_set_style_radius
                0x1000ec08                lv_obj_set_style_clip_corner
                0x1000ec18                lv_obj_set_style_opa
                0x1000ec28                lv_obj_set_style_opa_layered
                0x1000ec38                lv_obj_set_style_color_filter_dsc
                0x1000ec48                lv_obj_set_style_color_filter_opa
                0x1000ec58                lv_obj_set_style_anim
                0x1000ec68                lv_obj_set_style_anim_duration
                0x1000ec78                lv_obj_set_style_transition
                0x1000ec88                lv_obj_set_style_blend_mode
                0x1000ec98                lv_obj_set_style_layout
                0x1000eca8                lv_obj_set_style_base_dir
                0x1000ecb8                lv_obj_set_style_bitmap_mask_src
                0x1000ecc8                lv_obj_set_style_rotary_sensitivity
                0x1000ecd8                lv_obj_set_style_flex_flow
                0x1000ece8                lv_obj_set_style_flex_main_place
                0x1000ecf8                lv_obj_set_style_flex_cross_place
                0x1000ed08                lv_obj_set_style_flex_track_place
                0x1000ed18                lv_obj_set_style_flex_grow
                0x1000ed28                lv_obj_set_style_grid_column_dsc_array
                0x1000ed38                lv_obj_set_style_grid_column_align
                0x1000ed48                lv_obj_set_style_grid_row_dsc_array
                0x1000ed58                lv_obj_set_style_grid_row_align
                0x1000ed68                lv_obj_set_style_grid_cell_column_pos
                0x1000ed78                lv_obj_set_style_grid_cell_x_align
                0x1000ed88                lv_obj_set_style_grid_cell_column_span
                0x1000ed98                lv_obj_set_style_grid_cell_row_pos
                0x1000eda8                lv_obj_set_style_grid_cell_y_align
                0x1000edb8                lv_obj_set_style_grid_cell_row_span
 .text          0x1000edc8      0xce0 lib/liblvgl.a(lv_obj_tree.c.o)
                0x1000f260                lv_obj_delete_anim_completed_cb
                0x1000f270                lv_obj_delete
                0x1000f27c                lv_obj_clean
                0x1000f370                lv_obj_delete_delayed
                0x1000f3b4                lv_obj_delete_async
                0x1000f3c0                lv_obj_set_parent
                0x1000f4e8                lv_obj_move_to_index
                0x1000f564                lv_obj_swap
                0x1000f684                lv_obj_get_screen
                0x1000f694                lv_obj_get_display
                0x1000f6e4                lv_obj_get_parent
                0x1000f6ec                lv_obj_get_child
                0x1000f70c                lv_obj_get_child_by_type
                0x1000f770                lv_obj_get_sibling
                0x1000f7c4                lv_obj_get_sibling_by_type
                0x1000f840                lv_obj_get_child_count
                0x1000f848                lv_obj_get_child_count_by_type
                0x1000f874                lv_obj_get_index
                0x1000f8a8                lv_obj_get_index_by_type
                0x1000f8f0                lv_obj_tree_walk
                0x1000f960                lv_obj_dump_tree
 .text          0x1000faa8     0x1390 lib/liblvgl.a(lv_refr.c.o)
                0x1000fc08                lv_refr_init
                0x1000fc0c                lv_refr_deinit
                0x1000fc10                lv_obj_redraw
                0x100106f8                lv_inv_area
                0x10010810                lv_refr_get_disp_refreshing
                0x1001081c                lv_refr_set_disp_refreshing
                0x10010828                lv_display_refr_timer
                0x10010dfc                lv_refr_now
 .text          0x10010e38     0x1534 lib/liblvgl.a(lv_display.c.o)
                0x10011048                lv_display_create
                0x10011218                lv_display_delete
                0x10011350                lv_display_set_default
                0x1001135c                lv_display_get_default
                0x10011368                lv_display_get_next
                0x1001137c                lv_display_set_resolution
                0x100113a0                lv_display_set_physical_resolution
                0x100113c0                lv_display_set_offset
                0x100113e0                lv_display_set_dpi
                0x100113f4                lv_display_get_horizontal_resolution
                0x10011418                lv_display_get_vertical_resolution
                0x1001143c                lv_display_get_physical_horizontal_resolution
                0x10011474                lv_display_get_physical_vertical_resolution
                0x100114ac                lv_display_get_offset_x
                0x100114f4                lv_display_get_offset_y
                0x1001153c                lv_display_get_dpi
                0x10011554                lv_display_set_draw_buffers
                0x1001156c                lv_display_set_buffers
                0x10011674                lv_display_set_render_mode
                0x1001168c                lv_display_set_flush_cb
                0x100116a0                lv_display_set_flush_wait_cb
                0x100116b4                lv_display_set_color_format
                0x1001171c                lv_display_get_color_format
                0x10011734                lv_display_set_tile_cnt
                0x10011754                lv_display_get_tile_cnt
                0x1001176c                lv_display_set_antialiasing
                0x1001178c                lv_display_get_antialiasing
                0x100117a8                lv_display_flush_ready
                0x100117b0                lv_display_flush_is_last
                0x100117bc                lv_display_is_double_buffered
                0x100117c8                lv_display_get_screen_active
                0x100117e0                lv_display_get_screen_prev
                0x100117f8                lv_display_get_layer_top
                0x10011810                lv_display_get_layer_sys
                0x10011828                lv_display_get_layer_bottom
                0x10011840                lv_screen_load
                0x10011a2c                lv_screen_load_anim
                0x10011f38                lv_display_add_event_cb
                0x10011f44                lv_display_get_event_count
                0x10011f50                lv_display_get_event_dsc
                0x10011f5c                lv_display_delete_event
                0x10011f68                lv_display_remove_event_cb_with_user_data
                0x10011fb8                lv_display_send_event
                0x10011ff8                lv_event_get_invalidated_area
                0x10012008                lv_display_set_rotation
                0x10012028                lv_display_get_rotation
                0x10012044                lv_display_set_theme
                0x100120a8                lv_display_get_theme
                0x100120c0                lv_display_get_inactive_time
                0x10012100                lv_display_trigger_activity
                0x10012120                lv_display_enable_invalidation
                0x10012148                lv_display_is_invalidation_enabled
                0x10012168                lv_display_get_refr_timer
                0x10012180                lv_display_delete_refr_timer
                0x100121a8                lv_display_set_user_data
                0x100121c0                lv_display_set_driver_data
                0x100121d8                lv_display_get_user_data
                0x100121f0                lv_display_get_driver_data
                0x10012208                lv_display_get_buf_active
                0x1001221c                lv_display_rotate_area
                0x100122c0                lv_screen_active
                0x100122d0                lv_layer_top
                0x100122e0                lv_layer_sys
                0x100122f0                lv_layer_bottom
                0x10012300                lv_dpx
                0x10012330                lv_display_dpx
 .text          0x1001236c      0x60c lib/liblvgl.a(lv_draw.c.o)
                0x1001236c                lv_draw_init
                0x10012370                lv_draw_deinit
                0x100123ac                lv_draw_create_unit
                0x100123cc                lv_draw_add_task
                0x10012428                lv_draw_wait_for_finish
                0x1001242c                lv_draw_dispatch_layer
                0x10012568                lv_draw_dispatch
                0x100125c0                lv_draw_finalize_task_creation
                0x100126ac                lv_draw_dispatch_wait_for_request
                0x100126c4                lv_draw_dispatch_request
                0x100126d4                lv_draw_get_unit_count
                0x100126e0                lv_draw_get_next_available_task
                0x100127c4                lv_draw_get_dependent_count
                0x10012800                lv_draw_layer_create
                0x10012878                lv_draw_layer_init
                0x100128e8                lv_draw_layer_alloc_buf
                0x1001295c                lv_draw_layer_go_to_xy
                0x10012964                lv_draw_task_get_type
                0x10012968                lv_draw_task_get_draw_dsc
                0x1001296c                lv_draw_task_get_area
 .text          0x10012978      0xd5c lib/liblvgl.a(lv_draw_buf.c.o)
                0x100129a4                lv_draw_buf_init_handlers
                0x10012a1c                lv_draw_buf_init_with_default_handlers
                0x10012a50                lv_draw_buf_handlers_init
                0x10012a78                lv_draw_buf_get_handlers
                0x10012a80                lv_draw_buf_width_to_stride
                0x10012a94                lv_draw_buf_width_to_stride_ex
                0x10012aa4                lv_draw_buf_align
                0x10012ab8                lv_draw_buf_align_ex
                0x10012ac8                lv_draw_buf_invalidate_cache
                0x10012b00                lv_draw_buf_flush_cache
                0x10012b38                lv_draw_buf_clear
                0x10012c1c                lv_draw_buf_copy
                0x10012d84                lv_draw_buf_init
                0x10012e10                lv_draw_buf_create
                0x10012f08                lv_draw_buf_create_ex
                0x10012ffc                lv_draw_buf_dup
                0x10013110                lv_draw_buf_dup_ex
                0x10013228                lv_draw_buf_reshape
                0x100132e0                lv_draw_buf_destroy
                0x10013308                lv_draw_buf_goto_xy
                0x1001334c                lv_draw_buf_adjust_stride
                0x1001348c                lv_draw_buf_premultiply
                0x100135d4                lv_draw_buf_set_palette
                0x100135f0                lv_draw_buf_has_flag
                0x100135fc                lv_draw_buf_set_flag
                0x10013604                lv_draw_buf_clear_flag
                0x10013610                lv_draw_buf_from_image
                0x10013694                lv_draw_buf_to_image
                0x100136a0                lv_image_buf_set_palette
                0x100136b8                lv_image_buf_free
 *fill*         0x100136d4        0x4 
 .text          0x100136d8      0x5a0 lib/liblvgl.a(lv_draw_image.c.o)
                0x100137c8                lv_draw_image_dsc_init
                0x10013814                lv_draw_task_get_image_dsc
                0x10013820                lv_image_src_get_type
                0x1001383c                lv_draw_image_tiled_helper
                0x10013968                lv_image_buf_get_transformed_area
                0x10013a78                lv_draw_layer
                0x10013b04                lv_draw_image
                0x10013bb0                lv_draw_image_normal_helper
 .text          0x10013c78      0xab4 lib/liblvgl.a(lv_draw_label.c.o)
                0x10013c78                lv_draw_label_dsc_init
                0x10013cf4                lv_draw_task_get_label_dsc
                0x10013d00                lv_draw_glyph_dsc_init
                0x10013d08                lv_draw_label
                0x10013d64                lv_draw_character
                0x10013e28                lv_draw_label_iterate_characters
 .text          0x1001472c       0x80 lib/liblvgl.a(lv_draw_mask.c.o)
                0x1001472c                lv_draw_mask_rect_dsc_init
                0x10014734                lv_draw_task_get_mask_rect_dsc
                0x10014740                lv_draw_mask_rect
 .text          0x100147ac      0x654 lib/liblvgl.a(lv_draw_rect.c.o)
                0x100147ac                lv_draw_rect_dsc_init
                0x10014868                lv_draw_fill_dsc_init
                0x10014880                lv_draw_task_get_fill_dsc
                0x1001488c                lv_draw_border_dsc_init
                0x100148b0                lv_draw_task_get_border_dsc
                0x100148bc                lv_draw_box_shadow_dsc_init
                0x100148d4                lv_draw_task_get_box_shadow_dsc
                0x100148e0                lv_draw_rect
 .text          0x10014e00      0x464 lib/liblvgl.a(lv_image_decoder.c.o)
                0x10014f84                lv_image_decoder_init
                0x10014fa8                lv_image_decoder_deinit
                0x10014fd0                lv_image_decoder_get_info
                0x10015004                lv_image_decoder_open
                0x100150c0                lv_image_decoder_get_area
                0x100150e0                lv_image_decoder_close
                0x1001510c                lv_image_decoder_create
                0x1001512c                lv_image_decoder_delete
                0x10015148                lv_image_decoder_get_next
                0x1001515c                lv_image_decoder_set_info_cb
                0x10015160                lv_image_decoder_set_open_cb
                0x10015164                lv_image_decoder_set_get_area_cb
                0x10015168                lv_image_decoder_set_close_cb
                0x1001516c                lv_image_decoder_add_to_cache
                0x100151ac                lv_image_decoder_post_process
 .text          0x10015264      0x400 lib/liblvgl.a(lv_draw_sw.c.o)
                0x100153b4                lv_draw_sw_init
                0x100153d8                lv_draw_sw_deinit
                0x100153dc                lv_draw_sw_rgb565_swap
                0x100154b8                lv_draw_sw_i1_invert
                0x10015568                lv_draw_sw_rotate
 *fill*         0x10015664        0x4 
 .text          0x10015668      0x580 lib/liblvgl.a(lv_draw_sw_arc.c.o)
                0x100156f4                lv_draw_sw_arc
 .text          0x10015be8      0x68c lib/liblvgl.a(lv_draw_sw_border.c.o)
                0x10015be8                lv_draw_sw_border
 .text          0x10016274     0x10d4 lib/liblvgl.a(lv_draw_sw_box_shadow.c.o)
                0x100164a0                lv_draw_sw_box_shadow
 .text          0x10017348      0x5e4 lib/liblvgl.a(lv_draw_sw_fill.c.o)
                0x10017348                lv_draw_sw_fill
 .text          0x1001792c      0x328 lib/liblvgl.a(lv_draw_sw_gradient.c.o)
                0x1001792c                lv_gradient_get
                0x10017adc                lv_gradient_color_calculate
                0x10017be8                lv_gradient_cleanup
                0x10017bec                lv_gradient_init_stops
 .text          0x10017c54      0x7f4 lib/liblvgl.a(lv_draw_sw_img.c.o)
                0x100183f0                lv_draw_sw_layer
                0x10018430                lv_draw_sw_image
 .text          0x10018448      0x100 lib/liblvgl.a(lv_draw_sw_letter.c.o)
                0x10018534                lv_draw_sw_label
 .text          0x10018548      0x67c lib/liblvgl.a(lv_draw_sw_line.c.o)
                0x10018548                lv_draw_sw_line
 .text          0x10018bc4     0x18d4 lib/liblvgl.a(lv_draw_sw_mask.c.o)
                0x10019968                lv_draw_sw_mask_init
                0x10019974                lv_draw_sw_mask_deinit
                0x10019980                lv_draw_sw_mask_apply
                0x100199dc                lv_draw_sw_mask_free_param
                0x10019a24                lv_draw_sw_mask_cleanup
                0x10019a64                lv_draw_sw_mask_line_points_init
                0x10019bc0                lv_draw_sw_mask_line_angle_init
                0x10019d68                lv_draw_sw_mask_angle_init
                0x10019e6c                lv_draw_sw_mask_radius_init
                0x1001a43c                lv_draw_sw_mask_fade_init
                0x1001a474                lv_draw_sw_mask_map_init
 .text          0x1001a498      0x188 lib/liblvgl.a(lv_draw_sw_mask_rect.c.o)
                0x1001a498                lv_draw_sw_mask_rect
 .text          0x1001a620       0x6c lib/liblvgl.a(lv_draw_sw_transform.c.o)
                0x1001a620                lv_draw_sw_transform
 .text          0x1001a68c      0x3d4 lib/liblvgl.a(lv_draw_sw_triangle.c.o)
                0x1001a68c                lv_draw_sw_triangle
 .text          0x1001aa60      0x158 lib/liblvgl.a(lv_font.c.o)
                0x1001ab00                lv_font_get_glyph_bitmap
                0x1001ab0c                lv_font_glyph_release_draw_data
                0x1001ab1c                lv_font_get_glyph_dsc
                0x1001ab2c                lv_font_get_glyph_width
                0x1001ab9c                lv_font_set_kerning
                0x1001abac                lv_font_get_line_height
                0x1001abb0                lv_font_default
 .text          0x1001abb8     0x1f50 lib/liblvgl.a(lv_indev.c.o)
                0x1001ae10                lv_indev_create
                0x1001ae74                lv_indev_delete
                0x1001aee4                lv_indev_get_next
                0x1001aef8                lv_indev_enable
                0x1001af30                lv_indev_active
                0x1001af3c                lv_indev_set_type
                0x1001af4c                lv_indev_set_read_cb
                0x1001af54                lv_indev_set_user_data
                0x1001af5c                lv_indev_set_driver_data
                0x1001af64                lv_indev_get_read_cb
                0x1001af6c                lv_indev_get_type
                0x1001af74                lv_indev_get_state
                0x1001af7c                lv_indev_get_group
                0x1001af84                lv_indev_get_display
                0x1001af8c                lv_indev_set_display
                0x1001af94                lv_indev_set_long_press_time
                0x1001af9c                lv_indev_set_scroll_limit
                0x1001afa4                lv_indev_set_scroll_throw
                0x1001afac                lv_indev_get_user_data
                0x1001afb4                lv_indev_get_driver_data
                0x1001afbc                lv_indev_get_press_moved
                0x1001afc8                lv_indev_reset
                0x1001b30c                lv_indev_stop_processing
                0x1001b318                lv_indev_reset_long_press
                0x1001b334                lv_indev_set_cursor
                0x1001b37c                lv_indev_set_group
                0x1001b390                lv_indev_set_button_points
                0x1001b3a0                lv_indev_get_point
                0x1001b3cc                lv_indev_get_gesture_dir
                0x1001b3d4                lv_indev_get_key
                0x1001b3e8                lv_indev_get_short_click_streak
                0x1001b3f0                lv_indev_get_scroll_dir
                0x1001b40c                lv_indev_get_scroll_obj
                0x1001b420                lv_indev_get_vect
                0x1001b43c                lv_indev_wait_release
                0x1001b448                lv_indev_get_active_obj
                0x1001b454                lv_indev_get_read_timer
                0x1001b45c                lv_indev_get_mode
                0x1001b464                lv_indev_set_mode
                0x1001b4a0                lv_indev_search_obj
                0x1001c984                lv_indev_read
                0x1001c9e4                lv_indev_read_timer_cb
                0x1001ca48                lv_indev_add_event_cb
                0x1001ca54                lv_indev_get_event_count
                0x1001ca60                lv_indev_get_event_dsc
                0x1001ca6c                lv_indev_remove_event
                0x1001ca78                lv_indev_remove_event_cb_with_user_data
                0x1001cac8                lv_indev_send_event
 .text          0x1001cb08     0x1210 lib/liblvgl.a(lv_indev_scroll.c.o)
                0x1001d004                lv_indev_scroll_throw_handler
                0x1001d2bc                lv_indev_scroll_throw_predict
                0x1001d300                lv_indev_scroll_get_snap_dist
                0x1001d324                lv_indev_find_scroll_obj
                0x1001d880                lv_indev_scroll_handler
 .text          0x1001dd18       0x9c lib/liblvgl.a(lv_layout.c.o)
                0x1001dd18                lv_layout_init
                0x1001dd38                lv_layout_deinit
                0x1001dd44                lv_layout_register
                0x1001dd78                lv_layout_apply
 .text          0x1001ddb4      0x120 lib/liblvgl.a(lv_init.c.o)
                0x1001ddb4                lv_is_initialized
                0x1001ddc0                lv_init
                0x1001de58                lv_deinit
 .text          0x1001ded4      0x3f8 lib/liblvgl.a(lv_cache.c.o)
                0x1001df44                lv_cache_create
                0x1001dfa0                lv_cache_destroy
                0x1001dfd4                lv_cache_acquire
                0x1001e014                lv_cache_release
                0x1001e064                lv_cache_add
                0x1001e0a4                lv_cache_acquire_or_create
                0x1001e128                lv_cache_reserve
                0x1001e1a0                lv_cache_drop
                0x1001e210                lv_cache_evict_one
                0x1001e25c                lv_cache_drop_all
                0x1001e284                lv_cache_set_max_size
                0x1001e288                lv_cache_get_max_size
                0x1001e28c                lv_cache_get_size
                0x1001e290                lv_cache_get_free_size
                0x1001e298                lv_cache_is_enabled
                0x1001e2a4                lv_cache_set_compare_cb
                0x1001e2a8                lv_cache_set_create_cb
                0x1001e2ac                lv_cache_set_free_cb
                0x1001e2b0                lv_cache_set_name
                0x1001e2b8                lv_cache_get_name
                0x1001e2bc                lv_cache_iter_create
 .text          0x1001e2cc       0xdc lib/liblvgl.a(lv_cache_entry.c.o)
                0x1001e2cc                lv_cache_entry_reset_ref
                0x1001e2d8                lv_cache_entry_inc_ref
                0x1001e2e4                lv_cache_entry_dec_ref
                0x1001e2f4                lv_cache_entry_get_ref
                0x1001e2fc                lv_cache_entry_get_node_size
                0x1001e300                lv_cache_entry_set_node_size
                0x1001e308                lv_cache_entry_set_invalid
                0x1001e310                lv_cache_entry_is_invalid
                0x1001e318                lv_cache_entry_get_data
                0x1001e324                lv_cache_entry_acquire_data
                0x1001e334                lv_cache_entry_release_data
                0x1001e348                lv_cache_entry_get_entry
                0x1001e350                lv_cache_entry_set_cache
                0x1001e358                lv_cache_entry_get_cache
                0x1001e360                lv_cache_entry_get_size
                0x1001e364                lv_cache_entry_alloc
                0x1001e388                lv_cache_entry_init
                0x1001e39c                lv_cache_entry_delete
 .text          0x1001e3a8      0x190 lib/liblvgl.a(lv_image_cache.c.o)
                0x1001e41c                lv_image_cache_init
                0x1001e478                lv_image_cache_resize
                0x1001e4a4                lv_image_cache_drop
                0x1001e4f4                lv_image_cache_is_enabled
                0x1001e504                lv_image_cache_iter_create
                0x1001e514                lv_image_cache_dump
 .text          0x1001e538      0x154 lib/liblvgl.a(lv_image_header_cache.c.o)
                0x1001e58c                lv_image_header_cache_init
                0x1001e5e8                lv_image_header_cache_resize
                0x1001e614                lv_image_header_cache_drop
                0x1001e654                lv_image_header_cache_is_enabled
                0x1001e664                lv_image_header_cache_iter_create
                0x1001e674                lv_image_header_cache_dump
 .text          0x1001e68c      0xb68 lib/liblvgl.a(lv_anim.c.o)
                0x1001e6b0                lv_anim_path_linear
                0x1001ea44                lv_anim_core_init
                0x1001ea9c                lv_anim_core_deinit
                0x1001eadc                lv_anim_init
                0x1001eb10                lv_anim_start
                0x1001ebc0                lv_anim_get_playtime
                0x1001ebe8                lv_anim_delete
                0x1001ed54                lv_anim_delete_all
                0x1001ed94                lv_anim_get
                0x1001ede0                lv_anim_get_timer
                0x1001edec                lv_anim_count_running
                0x1001ee18                lv_anim_speed_clamped
                0x1001ee8c                lv_anim_speed
                0x1001eeb0                lv_anim_speed_to_time
                0x1001eecc                lv_anim_refr_now
                0x1001eed0                lv_anim_path_ease_in
                0x1001ef08                lv_anim_path_ease_out
                0x1001ef40                lv_anim_path_ease_in_out
                0x1001ef7c                lv_anim_path_overshoot
                0x1001efbc                lv_anim_path_bounce
                0x1001f0a0                lv_anim_path_step
                0x1001f0b0                lv_anim_path_custom_bezier3
                0x1001f0fc                lv_anim_set_var
                0x1001f100                lv_anim_set_exec_cb
                0x1001f104                lv_anim_set_duration
                0x1001f108                lv_anim_set_time
                0x1001f10c                lv_anim_set_delay
                0x1001f114                lv_anim_set_values
                0x1001f120                lv_anim_set_custom_exec_cb
                0x1001f124                lv_anim_set_path_cb
                0x1001f128                lv_anim_set_start_cb
                0x1001f12c                lv_anim_set_get_value_cb
                0x1001f130                lv_anim_set_completed_cb
                0x1001f134                lv_anim_set_deleted_cb
                0x1001f138                lv_anim_set_playback_duration
                0x1001f13c                lv_anim_set_playback_time
                0x1001f140                lv_anim_set_playback_delay
                0x1001f144                lv_anim_set_repeat_count
                0x1001f148                lv_anim_set_repeat_delay
                0x1001f14c                lv_anim_set_early_apply
                0x1001f15c                lv_anim_set_user_data
                0x1001f160                lv_anim_set_bezier3_param
                0x1001f188                lv_anim_get_delay
                0x1001f190                lv_anim_get_time
                0x1001f194                lv_anim_get_repeat_count
                0x1001f198                lv_anim_get_user_data
                0x1001f19c                lv_anim_custom_delete
                0x1001f1a4                lv_anim_custom_get
 .text          0x1001f1f4      0xbc0 lib/liblvgl.a(lv_area.c.o)
                0x1001f1f4                lv_area_set
                0x1001f200                lv_area_set_width
                0x1001f20c                lv_area_set_height
                0x1001f218                lv_area_set_pos
                0x1001f238                lv_area_get_size
                0x1001f254                lv_area_increase
                0x1001f274                lv_area_move
                0x1001f294                lv_area_intersect
                0x1001f2d8                lv_area_diff
                0x1001f448                lv_area_join
                0x1001f480                lv_area_is_point_on
                0x1001f5f0                lv_area_is_on
                0x1001f61c                lv_area_is_in
                0x1001f694                lv_area_is_out
                0x1001f718                lv_area_is_equal
                0x1001f744                lv_area_align
                0x1001f8f0                lv_point_transform
                0x1001fa78                lv_point_array_transform
                0x1001fcd0                lv_area_get_width
                0x1001fcdc                lv_area_get_height
                0x1001fce8                lv_point_from_precise
                0x1001fcf8                lv_point_to_precise
                0x1001fd08                lv_point_set
                0x1001fd10                lv_point_precise_set
                0x1001fd18                lv_point_swap
                0x1001fd34                lv_point_precise_swap
                0x1001fd50                lv_pct
                0x1001fd78                lv_pct_to_px
 .text          0x1001fdb4       0xc0 lib/liblvgl.a(lv_async.c.o)
                0x1001fdd0                lv_async_call
                0x1001fe08                lv_async_call_cancel
 .text          0x1001fe74      0x6ac lib/liblvgl.a(lv_color.c.o)
                0x1001fef4                lv_color_format_get_bpp
                0x1001ff08                lv_color_format_has_alpha
                0x1001ff20                lv_color_to_32
                0x1001ff48                lv_color_to_u16
                0x1001ff64                lv_color_to_u32
                0x1001ff80                lv_color_lighten
                0x1001ff9c                lv_color_darken
                0x1001ffb4                lv_color_hsv_to_rgb
                0x100200bc                lv_color_rgb_to_hsv
                0x10020198                lv_color_to_hsv
                0x10020280                lv_color_format_get_size
                0x1002029c                lv_color_to_int
                0x100202ac                lv_color_eq
                0x100202cc                lv_color32_eq
                0x100202dc                lv_color_hex
                0x100202fc                lv_color_make
                0x10020314                lv_color32_make
                0x10020330                lv_color_hex3
                0x10020370                lv_color_16_16_mix
                0x100203a8                lv_color_white
                0x100203c4                lv_color_black
                0x100203cc                lv_color_premultiply
                0x10020404                lv_color16_premultiply
                0x10020448                lv_color_luminance
                0x10020480                lv_color16_luminance
                0x100204b4                lv_color24_luminance
                0x100204e8                lv_color32_luminance
 .text          0x10020520      0x108 lib/liblvgl.a(lv_color_op.c.o)
                0x10020520                lv_color_mix
                0x10020590                lv_color_mix32
                0x10020604                lv_color_brightness
                0x10020624                lv_color_filter_dsc_init
 .text          0x10020628      0x448 lib/liblvgl.a(lv_event.c.o)
                0x10020628                lv_event_push
                0x10020638                lv_event_pop
                0x10020644                lv_event_send
                0x100207b0                lv_event_add
                0x100207f4                lv_event_remove_dsc
                0x100208a8                lv_event_get_count
                0x100208b0                lv_event_get_dsc
                0x100208c0                lv_event_dsc_get_cb
                0x100208c8                lv_event_dsc_get_user_data
                0x100208d0                lv_event_remove
                0x10020960                lv_event_remove_all
                0x10020a04                lv_event_get_current_target
                0x10020a08                lv_event_get_target
                0x10020a0c                lv_event_get_code
                0x10020a14                lv_event_get_param
                0x10020a18                lv_event_get_user_data
                0x10020a1c                lv_event_stop_bubbling
                0x10020a28                lv_event_stop_processing
                0x10020a34                lv_event_register_id
                0x10020a44                lv_event_mark_deleted
 .text          0x10020a70      0x718 lib/liblvgl.a(lv_fs.c.o)
                0x10020a70                lv_fs_init
                0x10020a7c                lv_fs_deinit
                0x10020a88                lv_fs_is_ready
                0x10020ac0                lv_fs_open
                0x10020b84                lv_fs_make_path_from_buffer
                0x10020ba0                lv_fs_close
                0x10020be8                lv_fs_read
                0x10020db0                lv_fs_write
                0x10020ec4                lv_fs_seek
                0x10020f34                lv_fs_tell
                0x10020f6c                lv_fs_dir_open
                0x10020fe0                lv_fs_dir_read
                0x10021014                lv_fs_dir_close
                0x10021038                lv_fs_drv_init
                0x10021040                lv_fs_drv_register
                0x10021058                lv_fs_get_drv
                0x10021084                lv_fs_get_letters
                0x100210c4                lv_fs_get_ext
                0x100210f8                lv_fs_up
                0x10021148                lv_fs_get_last
 .text          0x10021188      0x204 lib/liblvgl.a(lv_iter.c.o)
                0x10021188                lv_iter_create
                0x100211c4                lv_iter_get_context
                0x100211c8                lv_iter_destroy
                0x100211ec                lv_iter_make_peekable
                0x10021210                lv_iter_next
                0x10021280                lv_iter_peek
                0x100212d8                lv_iter_peek_advance
                0x100212f4                lv_iter_peek_reset
                0x10021304                lv_iter_inspect
 .text          0x1002138c      0x390 lib/liblvgl.a(lv_ll.c.o)
                0x1002138c                lv_ll_init
                0x1002139c                lv_ll_ins_head
                0x100213c8                lv_ll_ins_prev
                0x10021420                lv_ll_ins_tail
                0x1002144c                lv_ll_remove
                0x1002149c                lv_ll_clear_custom
                0x100214d8                lv_ll_chg_list
                0x1002156c                lv_ll_get_head
                0x10021574                lv_ll_get_tail
                0x1002157c                lv_ll_get_next
                0x10021584                lv_ll_get_prev
                0x1002158c                lv_ll_get_len
                0x100215ac                lv_ll_move_before
                0x1002168c                lv_ll_is_empty
                0x100216a4                lv_ll_clear
 .text          0x1002171c      0x76c lib/liblvgl.a(lv_math.c.o)
                0x10021a64                lv_trigo_sin
                0x10021ae8                lv_cubic_bezier
                0x10021b08                lv_sqrt
                0x10021b38                lv_sqrt32
                0x10021c58                lv_atan2
                0x10021d28                lv_pow
                0x10021d70                lv_map
                0x10021da4                lv_rand_set_seed
                0x10021db0                lv_rand
                0x10021dd8                lv_trigo_cos
                0x10021e64                lv_bezier3
 .text          0x10021e88       0xd8 lib/liblvgl.a(lv_palette.c.o)
                0x10021e88                lv_palette_main
                0x10021ec4                lv_palette_lighten
                0x10021f10                lv_palette_darken
 .text          0x10021f60      0x36c lib/liblvgl.a(lv_style.c.o)
                0x10021f60                lv_style_init
                0x10021f68                lv_style_reset
                0x10021f88                lv_style_register_prop
                0x10021fdc                lv_style_get_num_custom_props
                0x10021fec                lv_style_remove_prop
                0x1002207c                lv_style_set_prop
                0x10022124                lv_style_get_prop
                0x10022178                lv_style_transition_dsc_init
                0x100221a8                lv_style_prop_get_default
                0x10022288                lv_style_is_empty
                0x10022294                lv_style_prop_lookup_flags
 .text          0x100222cc      0xef8 lib/liblvgl.a(lv_text.c.o)
                0x10022b48                lv_text_get_next_line
                0x10022b6c                lv_text_get_width
                0x10022cd8                lv_text_get_size
                0x10022db0                lv_text_ins
                0x10022e68                lv_text_cut
                0x10022fd0                lv_text_set_text_vfmt
                0x10023004                lv_text_encoded_letter_next_2
 .text          0x100231c4      0x490 lib/liblvgl.a(lv_timer.c.o)
                0x10023374                lv_timer_core_init
                0x100233a8                lv_timer_handler
                0x100233cc                lv_timer_periodic_handler
                0x10023414                lv_timer_create_basic
                0x10023470                lv_timer_create
                0x100234cc                lv_timer_set_cb
                0x100234d4                lv_timer_delete
                0x100234f4                lv_timer_pause
                0x10023504                lv_timer_resume
                0x1002352c                lv_timer_set_period
                0x10023534                lv_timer_ready
                0x1002354c                lv_timer_set_repeat_count
                0x10023554                lv_timer_set_auto_delete
                0x10023564                lv_timer_set_user_data
                0x1002356c                lv_timer_reset
                0x10023598                lv_timer_enable
                0x100235b8                lv_timer_core_deinit
                0x100235cc                lv_timer_get_idle
                0x100235d8                lv_timer_get_time_until_next
                0x100235e4                lv_timer_get_next
                0x100235f8                lv_timer_handler_run_in_period
                0x1002363c                lv_timer_get_user_data
                0x10023640                lv_timer_get_paused
                0x10023648                lv_timer_handler_set_resume_cb
 .text          0x10023654       0x10 lib/liblvgl.a(lv_os.c.o)
                0x10023654                lv_os_init
                0x10023658                lv_lock
                0x1002365c                lv_lock_isr
                0x10023660                lv_unlock
 .text          0x10023664       0x30 lib/liblvgl.a(lv_os_none.c.o)
                0x10023664                lv_thread_init
                0x10023668                lv_thread_delete
                0x1002366c                lv_mutex_init
                0x10023670                lv_mutex_lock
                0x10023674                lv_mutex_lock_isr
                0x10023678                lv_mutex_unlock
                0x1002367c                lv_mutex_delete
                0x10023680                lv_thread_sync_init
                0x10023684                lv_thread_sync_wait
                0x10023688                lv_thread_sync_signal
                0x1002368c                lv_thread_sync_signal_isr
                0x10023690                lv_thread_sync_delete
 .text          0x10023694      0x260 lib/liblvgl.a(lv_mem_core_builtin.c.o)
                0x100236bc                lv_mem_init
                0x100236fc                lv_mem_deinit
                0x10023718                lv_mem_add_pool
                0x10023744                lv_mem_remove_pool
                0x10023794                lv_malloc_core
                0x100237c4                lv_realloc_core
                0x1002380c                lv_free_core
                0x10023838                lv_mem_monitor_core
                0x100238a8                lv_mem_test_core
 .text          0x100238f4      0x9f4 lib/liblvgl.a(lv_string_builtin.c.o)
                0x10023c98                lv_memcpy
                0x10023dd0                lv_memset
                0x10023e5c                lv_memmove
                0x1002400c                lv_memcmp
                0x1002404c                lv_strlen
                0x10024060                lv_strlcpy
                0x100240dc                lv_strncpy
                0x10024110                lv_strcpy
                0x10024120                lv_strcmp
                0x10024148                lv_strdup
                0x10024260                lv_strcat
                0x10024298                lv_strncat
                0x100242d0                lv_strchr
 .text          0x100242e8      0xb24 lib/liblvgl.a(lv_tlsf.c.o)
                0x10024514                lv_tlsf_check
                0x100245ec                lv_tlsf_walk_pool
                0x10024630                lv_tlsf_block_size
                0x1002463c                lv_tlsf_check_pool
                0x10024678                lv_tlsf_size
                0x10024680                lv_tlsf_align_size
                0x10024684                lv_tlsf_block_size_min
                0x10024688                lv_tlsf_block_size_max
                0x10024690                lv_tlsf_pool_overhead
                0x10024694                lv_tlsf_alloc_overhead
                0x10024698                lv_tlsf_add_pool
                0x1002474c                lv_tlsf_remove_pool
                0x100247ec                lv_tlsf_create
                0x1002485c                lv_tlsf_create_with_pool
                0x10024924                lv_tlsf_destroy
                0x10024928                lv_tlsf_get_pool
                0x10024930                lv_tlsf_malloc
                0x10024a20                lv_tlsf_memalign
                0x10024c08                lv_tlsf_free
                0x10024d0c                lv_tlsf_realloc
 .text          0x10024e0c       0x20 lib/liblvgl.a(lv_sprintf_clib.c.o)
                0x10024e0c                lv_snprintf
                0x10024e28                lv_vsnprintf
 .text          0x10024e2c      0x104 lib/liblvgl.a(lv_mem.c.o)
                0x10024e2c                lv_malloc
                0x10024e3c                lv_malloc_zeroed
                0x10024e64                lv_calloc
                0x10024e90                lv_zalloc
                0x10024eb8                lv_free
                0x10024ecc                lv_realloc
                0x10024efc                lv_mem_test
                0x10024f18                lv_mem_monitor
 .text          0x10024f30     0x3428 lib/liblvgl.a(lv_theme_default.c.o)
                0x10025ef0                lv_theme_default_init
                0x100282f4                lv_theme_default_deinit
                0x1002832c                lv_theme_default_get
                0x10028344                lv_theme_default_is_inited
 .text          0x10028358      0x238 lib/liblvgl.a(lv_theme.c.o)
                0x10028420                lv_theme_get_from_obj
                0x1002843c                lv_theme_apply
                0x10028468                lv_theme_set_parent
                0x1002846c                lv_theme_set_apply_cb
                0x10028470                lv_theme_get_font_small
                0x10028498                lv_theme_get_font_normal
                0x100284c0                lv_theme_get_font_large
                0x100284e8                lv_theme_get_color_primary
                0x1002853c                lv_theme_get_color_secondary
 .text          0x10028590     0x1014 lib/liblvgl.a(lv_theme_mono.c.o)
                0x10028cf4                lv_theme_mono_is_inited
                0x10028d08                lv_theme_mono_deinit
                0x10028d40                lv_theme_mono_init
 .text          0x100295a4      0xa10 lib/liblvgl.a(lv_theme_simple.c.o)
                0x10029a8c                lv_theme_simple_is_inited
                0x10029aa0                lv_theme_simple_get
                0x10029ab8                lv_theme_simple_deinit
                0x10029af0                lv_theme_simple_init
 .text          0x10029fb4      0x114 lib/liblvgl.a(lv_tick.c.o)
                0x10029fb4                lv_tick_inc
                0x10029fcc                lv_tick_get
                0x10029ff0                lv_tick_elaps
                0x1002a01c                lv_delay_ms
                0x1002a0b0                lv_tick_set_cb
                0x1002a0bc                lv_delay_set_cb
 .text          0x1002a0c8     0x1494 lib/liblvgl.a(lv_arc.c.o)
                0x1002a448                lv_arc_create
                0x1002a460                lv_arc_set_start_angle
                0x1002a528                lv_arc_set_end_angle
                0x1002add8                lv_arc_set_angles
                0x1002adf0                lv_arc_set_bg_start_angle
                0x1002af14                lv_arc_set_bg_end_angle
                0x1002b038                lv_arc_set_bg_angles
                0x1002b124                lv_arc_set_rotation
                0x1002b144                lv_arc_set_mode
                0x1002b1cc                lv_arc_set_value
                0x1002b2a4                lv_arc_set_range
                0x1002b384                lv_arc_set_change_rate
                0x1002b388                lv_arc_set_knob_offset
                0x1002b390                lv_arc_get_angle_start
                0x1002b394                lv_arc_get_angle_end
                0x1002b398                lv_arc_get_bg_angle_start
                0x1002b39c                lv_arc_get_bg_angle_end
                0x1002b3a0                lv_arc_get_value
                0x1002b3a4                lv_arc_get_min_value
                0x1002b3a8                lv_arc_get_max_value